stm32l1xx_hal_tim.c:6305:13:TIM_Base_SetConfig	0	static
stm32l1xx_hal_tim.c:6347:13:TIM_OC1_SetConfig	12	static
stm32l1xx_hal_tim.c:6394:13:TIM_OC2_SetConfig	12	static
stm32l1xx_hal_tim.c:6668:13:TIM_TI1_SetConfig	16	static
stm32l1xx_hal_tim.c:6992:13:TIM_CCxChannelCmd	8	static
stm32l1xx_hal_tim.c:6537:26:TIM_SlaveTimer_SetConfig	12	static
stm32l1xx_hal_tim.c:369:13:HAL_TIM_Base_MspInit	0	static
stm32l1xx_hal_tim.c:269:19:HAL_TIM_Base_Init	8	static
stm32l1xx_hal_tim.c:384:13:HAL_TIM_Base_MspDeInit	0	static
stm32l1xx_hal_tim.c:327:19:HAL_TIM_Base_DeInit	8	static
stm32l1xx_hal_tim.c:400:19:HAL_TIM_Base_Start	0	static
stm32l1xx_hal_tim.c:439:19:HAL_TIM_Base_Stop	0	static
stm32l1xx_hal_tim.c:459:19:HAL_TIM_Base_Start_IT	0	static
stm32l1xx_hal_tim.c:501:19:HAL_TIM_Base_Stop_IT	0	static
stm32l1xx_hal_tim.c:526:19:HAL_TIM_Base_Start_DMA	8	static
stm32l1xx_hal_tim.c:595:19:HAL_TIM_Base_Stop_DMA	8	static
stm32l1xx_hal_tim.c:750:13:HAL_TIM_OC_MspInit	0	static
stm32l1xx_hal_tim.c:650:19:HAL_TIM_OC_Init	8	static
stm32l1xx_hal_tim.c:765:13:HAL_TIM_OC_MspDeInit	0	static
stm32l1xx_hal_tim.c:708:19:HAL_TIM_OC_DeInit	8	static
stm32l1xx_hal_tim.c:786:19:HAL_TIM_OC_Start	8	static
stm32l1xx_hal_tim.c:834:19:HAL_TIM_OC_Stop	16	static
stm32l1xx_hal_tim.c:863:19:HAL_TIM_OC_Start_IT	8	static
stm32l1xx_hal_tim.c:945:19:HAL_TIM_OC_Stop_IT	16	static
stm32l1xx_hal_tim.c:1010:19:HAL_TIM_OC_Start_DMA	16	static
stm32l1xx_hal_tim.c:1162:19:HAL_TIM_OC_Stop_DMA	16	static
stm32l1xx_hal_tim.c:1353:13:HAL_TIM_PWM_MspInit	0	static
stm32l1xx_hal_tim.c:1253:19:HAL_TIM_PWM_Init	8	static
stm32l1xx_hal_tim.c:1368:13:HAL_TIM_PWM_MspDeInit	0	static
stm32l1xx_hal_tim.c:1311:19:HAL_TIM_PWM_DeInit	8	static
stm32l1xx_hal_tim.c:1389:19:HAL_TIM_PWM_Start	0	static
stm32l1xx_hal_tim.c:1437:19:HAL_TIM_PWM_Stop	0	static
stm32l1xx_hal_tim.c:1466:19:HAL_TIM_PWM_Start_IT	0	static
stm32l1xx_hal_tim.c:1547:19:HAL_TIM_PWM_Stop_IT	0	static
stm32l1xx_hal_tim.c:1612:19:HAL_TIM_PWM_Start_DMA	0	static
stm32l1xx_hal_tim.c:1763:19:HAL_TIM_PWM_Stop_DMA	0	static
stm32l1xx_hal_tim.c:1954:13:HAL_TIM_IC_MspInit	0	static
stm32l1xx_hal_tim.c:1854:19:HAL_TIM_IC_Init	8	static
stm32l1xx_hal_tim.c:1969:13:HAL_TIM_IC_MspDeInit	0	static
stm32l1xx_hal_tim.c:1912:19:HAL_TIM_IC_DeInit	8	static
stm32l1xx_hal_tim.c:1990:19:HAL_TIM_IC_Start	8	static
stm32l1xx_hal_tim.c:2039:19:HAL_TIM_IC_Stop	0	static
stm32l1xx_hal_tim.c:2068:19:HAL_TIM_IC_Start_IT	8	static
stm32l1xx_hal_tim.c:2150:19:HAL_TIM_IC_Stop_IT	0	static
stm32l1xx_hal_tim.c:2215:19:HAL_TIM_IC_Start_DMA	24	static
stm32l1xx_hal_tim.c:2367:19:HAL_TIM_IC_Stop_DMA	16	static
stm32l1xx_hal_tim.c:2574:13:HAL_TIM_OnePulse_MspInit	0	static
stm32l1xx_hal_tim.c:2465:19:HAL_TIM_OnePulse_Init	16	static
stm32l1xx_hal_tim.c:2589:13:HAL_TIM_OnePulse_MspDeInit	0	static
stm32l1xx_hal_tim.c:2531:19:HAL_TIM_OnePulse_DeInit	8	static
stm32l1xx_hal_tim.c:2609:19:HAL_TIM_OnePulse_Start	0	static
stm32l1xx_hal_tim.c:2654:19:HAL_TIM_OnePulse_Stop	0	static
stm32l1xx_hal_tim.c:2689:19:HAL_TIM_OnePulse_Start_IT	0	static
stm32l1xx_hal_tim.c:2740:19:HAL_TIM_OnePulse_Stop_IT	0	static
stm32l1xx_hal_tim.c:2966:13:HAL_TIM_Encoder_MspInit	0	static
stm32l1xx_hal_tim.c:2811:19:HAL_TIM_Encoder_Init	24	static
stm32l1xx_hal_tim.c:2981:13:HAL_TIM_Encoder_MspDeInit	0	static
stm32l1xx_hal_tim.c:2923:19:HAL_TIM_Encoder_DeInit	8	static
stm32l1xx_hal_tim.c:3001:19:HAL_TIM_Encoder_Start	0	static
stm32l1xx_hal_tim.c:3085:19:HAL_TIM_Encoder_Stop	8	static
stm32l1xx_hal_tim.c:3142:19:HAL_TIM_Encoder_Start_IT	0	static
stm32l1xx_hal_tim.c:3232:19:HAL_TIM_Encoder_Stop_IT	8	static
stm32l1xx_hal_tim.c:3294:19:HAL_TIM_Encoder_Start_DMA	32	static
stm32l1xx_hal_tim.c:3492:19:HAL_TIM_Encoder_Stop_DMA	16	static
stm32l1xx_hal_tim.c:3754:19:HAL_TIM_OC_ConfigChannel	16	static
stm32l1xx_hal_tim.c:3830:19:HAL_TIM_IC_ConfigChannel	24	static
stm32l1xx_hal_tim.c:3923:19:HAL_TIM_PWM_ConfigChannel	16	static
stm32l1xx_hal_tim.c:4034:19:HAL_TIM_OnePulse_ConfigChannel	32	static
stm32l1xx_hal_tim.c:4212:19:HAL_TIM_DMABurst_MultiWriteStart	24	static
stm32l1xx_hal_tim.c:4168:19:HAL_TIM_DMABurst_WriteStart	24	static
stm32l1xx_hal_tim.c:4371:19:HAL_TIM_DMABurst_WriteStop	16	static
stm32l1xx_hal_tim.c:4503:19:HAL_TIM_DMABurst_MultiReadStart	24	static
stm32l1xx_hal_tim.c:4459:19:HAL_TIM_DMABurst_ReadStart	24	static
stm32l1xx_hal_tim.c:4663:19:HAL_TIM_DMABurst_ReadStop	0	static
stm32l1xx_hal_tim.c:4730:19:HAL_TIM_GenerateEvent	0	static
stm32l1xx_hal_tim.c:4767:19:HAL_TIM_ConfigOCrefClear	16	static
stm32l1xx_hal_tim.c:4900:19:HAL_TIM_ConfigClockSource	16	static
stm32l1xx_hal_tim.c:5052:19:HAL_TIM_ConfigTI1Input	0	static
stm32l1xx_hal_tim.c:5084:19:HAL_TIM_SlaveConfigSynchro	16	static
stm32l1xx_hal_tim.c:5124:19:HAL_TIM_SlaveConfigSynchro_IT	16	static
stm32l1xx_hal_tim.c:5167:10:HAL_TIM_ReadCapturedValue	0	static
stm32l1xx_hal_tim.c:5251:13:HAL_TIM_PeriodElapsedCallback	0	static
stm32l1xx_hal_tim.c:6230:13:TIM_DMAPeriodElapsedCplt	8	static
stm32l1xx_hal_tim.c:5266:13:HAL_TIM_PeriodElapsedHalfCpltCallback	0	static
stm32l1xx_hal_tim.c:6251:13:TIM_DMAPeriodElapsedHalfCplt	8	static
stm32l1xx_hal_tim.c:5281:13:HAL_TIM_OC_DelayElapsedCallback	0	static
stm32l1xx_hal_tim.c:5296:13:HAL_TIM_IC_CaptureCallback	0	static
stm32l1xx_hal_tim.c:6132:6:TIM_DMACaptureCplt	8	static
stm32l1xx_hal_tim.c:5311:13:HAL_TIM_IC_CaptureHalfCpltCallback	0	static
stm32l1xx_hal_tim.c:6191:6:TIM_DMACaptureHalfCplt	8	static
stm32l1xx_hal_tim.c:5326:13:HAL_TIM_PWM_PulseFinishedCallback	0	static
stm32l1xx_hal_tim.c:6034:13:TIM_DMADelayPulseCplt	8	static
stm32l1xx_hal_tim.c:5341:13:HAL_TIM_PWM_PulseFinishedHalfCpltCallback	0	static
stm32l1xx_hal_tim.c:6093:13:TIM_DMADelayPulseHalfCplt	8	static
stm32l1xx_hal_tim.c:5356:13:HAL_TIM_TriggerCallback	0	static
stm32l1xx_hal_tim.c:3566:6:HAL_TIM_IRQHandler	8	static
stm32l1xx_hal_tim.c:6267:13:TIM_DMATriggerCplt	8	static
stm32l1xx_hal_tim.c:5371:13:HAL_TIM_TriggerHalfCpltCallback	0	static
stm32l1xx_hal_tim.c:6288:13:TIM_DMATriggerHalfCplt	8	static
stm32l1xx_hal_tim.c:5386:13:HAL_TIM_ErrorCallback	0	static
stm32l1xx_hal_tim.c:5991:6:TIM_DMAError	8	static
stm32l1xx_hal_tim.c:5871:22:HAL_TIM_Base_GetState	0	static
stm32l1xx_hal_tim.c:5881:22:HAL_TIM_OC_GetState	0	static
stm32l1xx_hal_tim.c:5891:22:HAL_TIM_PWM_GetState	0	static
stm32l1xx_hal_tim.c:5901:22:HAL_TIM_IC_GetState	0	static
stm32l1xx_hal_tim.c:5911:22:HAL_TIM_OnePulse_GetState	0	static
stm32l1xx_hal_tim.c:5921:22:HAL_TIM_Encoder_GetState	0	static
stm32l1xx_hal_tim.c:5931:23:HAL_TIM_GetActiveChannel	0	static
stm32l1xx_hal_tim.c:5949:29:HAL_TIM_GetChannelState	0	static
stm32l1xx_hal_tim.c:5966:30:HAL_TIM_DMABurstState	0	static
