../Drivers/STM32L1xx_HAL_Driver/Src/stm32l1xx_hal_i2c.c:7437:26:I2C_IsAcknowledgeFailed	0	static
../Drivers/STM32L1xx_HAL_Driver/Src/stm32l1xx_hal_i2c.c:7169:26:I2C_WaitOnFlagUntilTimeout	32	static
../Drivers/STM32L1xx_HAL_Driver/Src/stm32l1xx_hal_i2c.c:7203:26:I2C_WaitOnMasterAddressFlagUntilTimeout	24	static
../Drivers/STM32L1xx_HAL_Driver/Src/stm32l1xx_hal_i2c.c:7392:26:I2C_WaitOnRXNEFlagUntilTimeout	16	static
../Drivers/STM32L1xx_HAL_Driver/Src/stm32l1xx_hal_i2c.c:7292:26:I2C_WaitOnBTFFlagUntilTimeout	16	static
../Drivers/STM32L1xx_HAL_Driver/Src/stm32l1xx_hal_i2c.c:7254:26:I2C_WaitOnTXEFlagUntilTimeout	16	static
../Drivers/STM32L1xx_HAL_Driver/Src/stm32l1xx_hal_i2c.c:6704:26:I2C_RequestMemoryWrite	48	static
../Drivers/STM32L1xx_HAL_Driver/Src/stm32l1xx_hal_i2c.c:6784:26:I2C_RequestMemoryRead	48	static
../Drivers/STM32L1xx_HAL_Driver/Src/stm32l1xx_hal_i2c.c:596:13:HAL_I2C_MspInit	0	static
../Drivers/STM32L1xx_HAL_Driver/Src/stm32l1xx_hal_i2c.c:435:19:HAL_I2C_Init	16	static
../Drivers/STM32L1xx_HAL_Driver/Src/stm32l1xx_hal_i2c.c:612:13:HAL_I2C_MspDeInit	0	static
../Drivers/STM32L1xx_HAL_Driver/Src/stm32l1xx_hal_i2c.c:550:19:HAL_I2C_DeInit	8	static
../Drivers/STM32L1xx_HAL_Driver/Src/stm32l1xx_hal_i2c.c:1032:19:HAL_I2C_Master_Transmit	48	static
../Drivers/STM32L1xx_HAL_Driver/Src/stm32l1xx_hal_i2c.c:1153:19:HAL_I2C_Master_Receive	64	static
../Drivers/STM32L1xx_HAL_Driver/Src/stm32l1xx_hal_i2c.c:1397:19:HAL_I2C_Slave_Transmit	48	static
../Drivers/STM32L1xx_HAL_Driver/Src/stm32l1xx_hal_i2c.c:1527:19:HAL_I2C_Slave_Receive	48	static
../Drivers/STM32L1xx_HAL_Driver/Src/stm32l1xx_hal_i2c.c:1648:19:HAL_I2C_Master_Transmit_IT	24	static
../Drivers/STM32L1xx_HAL_Driver/Src/stm32l1xx_hal_i2c.c:1728:19:HAL_I2C_Master_Receive_IT	24	static
../Drivers/STM32L1xx_HAL_Driver/Src/stm32l1xx_hal_i2c.c:1811:19:HAL_I2C_Slave_Transmit_IT	8	static
../Drivers/STM32L1xx_HAL_Driver/Src/stm32l1xx_hal_i2c.c:1873:19:HAL_I2C_Slave_Receive_IT	8	static
../Drivers/STM32L1xx_HAL_Driver/Src/stm32l1xx_hal_i2c.c:1937:19:HAL_I2C_Master_Transmit_DMA	32	static
../Drivers/STM32L1xx_HAL_Driver/Src/stm32l1xx_hal_i2c.c:2093:19:HAL_I2C_Master_Receive_DMA	24	static
../Drivers/STM32L1xx_HAL_Driver/Src/stm32l1xx_hal_i2c.c:2247:19:HAL_I2C_Slave_Transmit_DMA	24	static
../Drivers/STM32L1xx_HAL_Driver/Src/stm32l1xx_hal_i2c.c:2359:19:HAL_I2C_Slave_Receive_DMA	24	static
../Drivers/STM32L1xx_HAL_Driver/Src/stm32l1xx_hal_i2c.c:2476:19:HAL_I2C_Mem_Write	40	static
../Drivers/STM32L1xx_HAL_Driver/Src/stm32l1xx_hal_i2c.c:2599:19:HAL_I2C_Mem_Read	56	static
../Drivers/STM32L1xx_HAL_Driver/Src/stm32l1xx_hal_i2c.c:2846:19:HAL_I2C_Mem_Write_IT	24	static
../Drivers/STM32L1xx_HAL_Driver/Src/stm32l1xx_hal_i2c.c:2934:19:HAL_I2C_Mem_Read_IT	32	static
../Drivers/STM32L1xx_HAL_Driver/Src/stm32l1xx_hal_i2c.c:3028:19:HAL_I2C_Mem_Write_DMA	48	static
../Drivers/STM32L1xx_HAL_Driver/Src/stm32l1xx_hal_i2c.c:3207:19:HAL_I2C_Mem_Read_DMA	56	static
../Drivers/STM32L1xx_HAL_Driver/Src/stm32l1xx_hal_i2c.c:3400:19:HAL_I2C_IsDeviceReady	56	static
../Drivers/STM32L1xx_HAL_Driver/Src/stm32l1xx_hal_i2c.c:3536:19:HAL_I2C_Master_Seq_Transmit_IT	32	static
../Drivers/STM32L1xx_HAL_Driver/Src/stm32l1xx_hal_i2c.c:3634:19:HAL_I2C_Master_Seq_Transmit_DMA	32	static
../Drivers/STM32L1xx_HAL_Driver/Src/stm32l1xx_hal_i2c.c:3817:19:HAL_I2C_Master_Seq_Receive_IT	32	static
../Drivers/STM32L1xx_HAL_Driver/Src/stm32l1xx_hal_i2c.c:3941:19:HAL_I2C_Master_Seq_Receive_DMA	32	static
../Drivers/STM32L1xx_HAL_Driver/Src/stm32l1xx_hal_i2c.c:4159:19:HAL_I2C_Slave_Seq_Transmit_IT	24	static
../Drivers/STM32L1xx_HAL_Driver/Src/stm32l1xx_hal_i2c.c:4225:19:HAL_I2C_Slave_Seq_Transmit_DMA	40	static
../Drivers/STM32L1xx_HAL_Driver/Src/stm32l1xx_hal_i2c.c:4399:19:HAL_I2C_Slave_Seq_Receive_IT	24	static
../Drivers/STM32L1xx_HAL_Driver/Src/stm32l1xx_hal_i2c.c:4465:19:HAL_I2C_Slave_Seq_Receive_DMA	40	static
../Drivers/STM32L1xx_HAL_Driver/Src/stm32l1xx_hal_i2c.c:4635:19:HAL_I2C_EnableListen_IT	0	static
../Drivers/STM32L1xx_HAL_Driver/Src/stm32l1xx_hal_i2c.c:4668:19:HAL_I2C_DisableListen_IT	0	static
../Drivers/STM32L1xx_HAL_Driver/Src/stm32l1xx_hal_i2c.c:5011:13:HAL_I2C_MasterTxCpltCallback	0	static
../Drivers/STM32L1xx_HAL_Driver/Src/stm32l1xx_hal_i2c.c:5027:13:HAL_I2C_MasterRxCpltCallback	0	static
../Drivers/STM32L1xx_HAL_Driver/Src/stm32l1xx_hal_i2c.c:5042:13:HAL_I2C_SlaveTxCpltCallback	0	static
../Drivers/STM32L1xx_HAL_Driver/Src/stm32l1xx_hal_i2c.c:5058:13:HAL_I2C_SlaveRxCpltCallback	0	static
../Drivers/STM32L1xx_HAL_Driver/Src/stm32l1xx_hal_i2c.c:5076:13:HAL_I2C_AddrCallback	0	static
../Drivers/STM32L1xx_HAL_Driver/Src/stm32l1xx_hal_i2c.c:5094:13:HAL_I2C_ListenCpltCallback	0	static
../Drivers/STM32L1xx_HAL_Driver/Src/stm32l1xx_hal_i2c.c:5110:13:HAL_I2C_MemTxCpltCallback	0	static
../Drivers/STM32L1xx_HAL_Driver/Src/stm32l1xx_hal_i2c.c:5412:13:I2C_MemoryTransmit_TXE_BTF	8	static
../Drivers/STM32L1xx_HAL_Driver/Src/stm32l1xx_hal_i2c.c:5126:13:HAL_I2C_MemRxCpltCallback	0	static
../Drivers/STM32L1xx_HAL_Driver/Src/stm32l1xx_hal_i2c.c:5142:13:HAL_I2C_ErrorCallback	0	static
../Drivers/STM32L1xx_HAL_Driver/Src/stm32l1xx_hal_i2c.c:7031:13:I2C_DMAError	8	static
../Drivers/STM32L1xx_HAL_Driver/Src/stm32l1xx_hal_i2c.c:6893:13:I2C_DMAXferCplt	16	static
../Drivers/STM32L1xx_HAL_Driver/Src/stm32l1xx_hal_i2c.c:5158:13:HAL_I2C_AbortCpltCallback	0	static
../Drivers/STM32L1xx_HAL_Driver/Src/stm32l1xx_hal_i2c.c:7066:13:I2C_DMAAbort	24	static
../Drivers/STM32L1xx_HAL_Driver/Src/stm32l1xx_hal_i2c.c:6368:13:I2C_ITError	8	static
../Drivers/STM32L1xx_HAL_Driver/Src/stm32l1xx_hal_i2c.c:4703:19:HAL_I2C_Master_Abort_IT	8	static
../Drivers/STM32L1xx_HAL_Driver/Src/stm32l1xx_hal_i2c.c:4762:6:HAL_I2C_EV_IRQHandler	80	static
../Drivers/STM32L1xx_HAL_Driver/Src/stm32l1xx_hal_i2c.c:4931:6:HAL_I2C_ER_IRQHandler	24	static
../Drivers/STM32L1xx_HAL_Driver/Src/stm32l1xx_hal_i2c.c:5193:22:HAL_I2C_GetState	0	static
../Drivers/STM32L1xx_HAL_Driver/Src/stm32l1xx_hal_i2c.c:5205:21:HAL_I2C_GetMode	0	static
../Drivers/STM32L1xx_HAL_Driver/Src/stm32l1xx_hal_i2c.c:5216:10:HAL_I2C_GetError	0	static
